
> leutic@0.0.0 build
> tsc -b && vite build

src/App.tsx(28,1): error TS6133: 'AcademicSetupPage' is declared but its value is never read.
src/components/pds/PDSFormGroup.tsx(98,13): error TS2322: Type '{ value: any; onChange: (val: any) => void; placeholder: string | undefined; icon: string | undefined; maxDate: Date | undefined; className: string; }' is not assignable to type 'IntrinsicAttributes & AppDatePickerProps'.
  Property 'className' does not exist on type 'IntrinsicAttributes & AppDatePickerProps'.
src/components/pds/PDSFormGroup.tsx(110,13): error TS2322: Type '{ options: string[]; value: any; onChange: (val: any) => void; placeholder: string | undefined; searchable: boolean; icon: string | undefined; className: string; }' is not assignable to type 'IntrinsicAttributes & AppDropdownProps'.
  Property 'className' does not exist on type 'IntrinsicAttributes & AppDropdownProps'.
src/components/pds/PDSPageHeader.tsx(1,10): error TS1484: 'ReactNode' is a type and must be imported using a type-only import when 'verbatimModuleSyntax' is enabled.
src/features/academic-setup/pages/AcademicSetupPage.tsx(9,1): error TS6133: 'PDSStepper' is declared but its value is never read.
src/features/academics/pages/AcademicHubPage.tsx(1,1): error TS6192: All imports in import declaration are unused.
src/features/academics/pages/AcademicHubPage.tsx(9,1): error TS6133: 'PDSButton' is declared but its value is never read.
src/features/classes/pages/ClassesPage.tsx(6,1): error TS6133: 'cn' is declared but its value is never read.
src/features/community/pages/CommunityPage.tsx(77,61): error TS2339: Property 'isVoted' does not exist on type '{ venue?: string | undefined; date?: string | undefined; tags?: string[] | undefined; upvotes?: number | undefined; }'.
src/features/community/pages/CommunityPage.tsx(207,18): error TS2367: This comparison appears to be unintentional because the types '"announcement" | "competition" | "qa"' and '"poll"' have no overlap.
src/features/community/pages/CommunityPage.tsx(207,57): error TS2339: Property 'pollOptions' does not exist on type '{ venue?: string | undefined; date?: string | undefined; tags?: string[] | undefined; upvotes?: number | undefined; }'.
src/features/community/pages/CommunityPage.tsx(210,44): error TS2339: Property 'pollOptions' does not exist on type '{ venue?: string | undefined; date?: string | undefined; tags?: string[] | undefined; upvotes?: number | undefined; }'.
src/features/community/pages/CommunityPage.tsx(211,92): error TS2339: Property 'totalVotes' does not exist on type '{ venue?: string | undefined; date?: string | undefined; tags?: string[] | undefined; upvotes?: number | undefined; }'.
src/features/community/pages/CommunityPage.tsx(255,54): error TS2339: Property 'totalVotes' does not exist on type '{ venue?: string | undefined; date?: string | undefined; tags?: string[] | undefined; upvotes?: number | undefined; }'.
src/features/community/pages/CommunityPage.tsx(487,13): error TS2322: Type '"poll"' is not assignable to type '"announcement" | "competition" | "qa"'.
src/features/community/pages/CommunityPage.tsx(496,17): error TS2353: Object literal may only specify known properties, and 'pollOptions' does not exist in type '{ venue?: string | undefined; date?: string | undefined; tags?: string[] | undefined; upvotes?: number | undefined; }'.
src/features/community/pages/CommunityPage.tsx(844,80): error TS6133: 'idx' is declared but its value is never read.
src/features/community/pages/CommunityPage.tsx(1469,93): error TS2345: Argument of type '{ title: string; date: string; time: string; venue: string; rsvp: false; }' is not assignable to parameter of type 'SetStateAction<{ title: string; date: string; time: string; venue: string; rsvp: boolean; buttonText: string; buttonLink: string; }>'.
  Type '{ title: string; date: string; time: string; venue: string; rsvp: false; }' is missing the following properties from type '{ title: string; date: string; time: string; venue: string; rsvp: boolean; buttonText: string; buttonLink: string; }': buttonText, buttonLink
src/features/community/pages/CommunityPage.tsx(1487,93): error TS2345: Argument of type '{ title: string; date: string; time: string; venue: string; rsvp: false; }' is not assignable to parameter of type 'SetStateAction<{ title: string; date: string; time: string; venue: string; rsvp: boolean; buttonText: string; buttonLink: string; }>'.
  Type '{ title: string; date: string; time: string; venue: string; rsvp: false; }' is missing the following properties from type '{ title: string; date: string; time: string; venue: string; rsvp: boolean; buttonText: string; buttonLink: string; }': buttonText, buttonLink
src/features/community/pages/CommunityPage.tsx(1635,77): error TS2322: Type '"tertiary"' is not assignable to type '"text" | "primary" | "secondary" | "outline" | "ghost" | "danger" | undefined'.
src/features/examinations/pages/AddExaminationPage.tsx(3,1): error TS6133: 'motion' is declared but its value is never read.
src/features/examinations/pages/ExamDetailsPage.tsx(3,1): error TS6133: 'cn' is declared but its value is never read.
src/features/examinations/pages/ExamDetailsPage.tsx(117,31): error TS2339: Property 'date' does not exist on type '{ title: string; id: string; status: string; totalClasses: number; classesPublished: number; subjects: { name: string; teacher: string; avgScore: number; submissions: string; status: string; }[]; classSubmissions: { ...; }[]; studentPerformance: { ...; }[]; logs: { ...; }[]; }'.
src/features/examinations/pages/ExamDetailsPage.tsx(117,74): error TS2339: Property 'type' does not exist on type '{ title: string; id: string; status: string; totalClasses: number; classesPublished: number; subjects: { name: string; teacher: string; avgScore: number; submissions: string; status: string; }[]; classSubmissions: { ...; }[]; studentPerformance: { ...; }[]; logs: { ...; }[]; }'.
src/features/examinations/pages/ExaminationsPage.tsx(166,19): error TS2322: Type 'string | null' is not assignable to type 'string'.
  Type 'null' is not assignable to type 'string'.
src/features/programs/pages/ProgramsPage.tsx(144,19): error TS2322: Type 'string | null' is not assignable to type 'string'.
  Type 'null' is not assignable to type 'string'.
src/features/reports/components/FinanceTab.tsx(129,35): error TS2353: Object literal may only specify known properties, and 'fontBold' does not exist in type 'Props | ReactElement<unknown, string | JSXElementConstructor<any>> | ((props: YAxisTickContentProps) => ReactNode)'.
src/features/settings/pages/SettingsPage.tsx(4,1): error TS6133: 'motion' is declared but its value is never read.
src/features/students/pages/EnrollStudentPage.tsx(6,1): error TS6133: 'Lottie' is declared but its value is never read.
src/features/students/pages/EnrollStudentPage.tsx(7,1): error TS6133: 'successAnimation' is declared but its value is never read.
